// Jest Snapshot v1, https://goo.gl/fbAQLP

exports[`Posts matches a snapshot of Posts 1`] = `
<ul>
  <li>
    <h2>
      <a
        href="/posts/10/1"
        onClick={[Function]}
      >
        a post
      </a>
    </h2>
    <p>
      This is a post
    </p>
  </li>
  <li>
    <h2>
      <a
        href="/posts/11/2"
        onClick={[Function]}
      >
        another post
      </a>
    </h2>
    <p>
      This is a post
    </p>
  </li>
  <li>
    <h2>
      <a
        href="/posts/11/3"
        onClick={[Function]}
      >
        another other post
      </a>
    </h2>
    <p>
      This is a post
    </p>
  </li>
</ul>
`;
