// Jest Snapshot v1, https://goo.gl/fbAQLP

exports[`Users matches a snapshot 1`] = `
<ul>
  <li>
    <div>
      <h3>
        Name: 
        kaiya
      </h3>
      <a
        href="/users/1"
        onClick={[Function]}
      >
        <h4>
          Username: 
          ladybeard
        </h4>
      </a>
      <p>
        Webiste/Email: 
        schnepherds4life.org
         / 
        itsme@kai.com
      </p>
    </div>
  </li>
  <li>
    <div>
      <h3>
        Name: 
        kingsley
      </h3>
      <a
        href="/users/2"
        onClick={[Function]}
      >
        <h4>
          Username: 
          fathersLittleTiger
        </h4>
      </a>
      <p>
        Webiste/Email: 
        carolKibble.org
         / 
        yasssss@kitty.com
      </p>
    </div>
  </li>
  <li>
    <div>
      <h3>
        Name: 
        tyler
      </h3>
      <a
        href="/users/3"
        onClick={[Function]}
      >
        <h4>
          Username: 
          tylerCorbett
        </h4>
      </a>
      <p>
        Webiste/Email: 
        tylerTheDev.org
         / 
        sayhi@tyler.com
      </p>
    </div>
  </li>
</ul>
`;
