// Jest Snapshot v1, https://goo.gl/fbAQLP

exports[`Header matches a snapshot 1`] = `
<div
  className="Header"
>
  <a
    className="animate"
    href="/"
    onClick={[Function]}
  >
    Home
  </a>
  <a
    className="animate"
    href="/users"
    onClick={[Function]}
  >
    Users
  </a>
</div>
`;
